SUMMARY:
	ROM0: 1804 bytes used / 14580 free
	WRAM0: 6 bytes used / 4090 free

ROM0 bank #0:
	EMPTY: $0000-$00ff ($0100 bytes)
	SECTION: $0100-$080b ($070c bytes) ["Header"]
	         $0150 = EntryPoint
	         $0150 = WaitVBlank
	         $0193 = ClearOam
	         $01d8 = Main
	         $01e0 = WaitVBlank2
	         $01fe = BounceOnTop
	         $021c = BounceOnRight
	         $023a = BounceOnLeft
	         $0258 = BounceOnBottom
	         $0276 = BounceDone
	         $0299 = PaddleBounceDone
	         $029c = CheckLeft
	         $02a4 = Left
	         $02b3 = CheckRight
	         $02bb = Right
	         $02ca = GetTileByPixel
	         $02e3 = IsWallTile
	         $02f8 = IncreaseScorePackedBCD
	         $0304 = UpdateScoreBoard
	         $031b = CheckAndHandleBrick
	         $0328 = CheckAndHandleBrickRight
	         $0334 = Input
	         $0354 = Input.onenibble
	         $0361 = Input.knownret
	         $0362 = Memcopy
	         $036c = Tiles
	         $05ac = TilesEnd
	         $05ac = Tilemap
	         $07ec = TilemapEnd
	         $07ec = Paddle
	         $07fc = PaddleEnd
	         $07fc = Ball
	         $080c = BallEnd
	EMPTY: $080c-$3fff ($37f4 bytes)
	TOTAL EMPTY: $38f4 bytes

WRAM0 bank #0:
	SECTION: $c000-$c001 ($0002 bytes) ["Ball Data"]
	         $c000 = wBallMomentumX
	         $c001 = wBallMomentumY
	SECTION: $c002-$c003 ($0002 bytes) ["Input Variables"]
	         $c002 = wCurKeys
	         $c003 = wNewKeys
	SECTION: $c004-$c004 ($0001 byte) ["Score"]
	         $c004 = wScore
	SECTION: $c005-$c005 ($0001 byte) ["Counter"]
	         $c005 = wFrameCounter
	EMPTY: $c006-$cfff ($0ffa bytes)
	TOTAL EMPTY: $0ffa bytes
