SUMMARY:
	ROM0: 1600 bytes used / 14784 free
	WRAM0: 5 bytes used / 4091 free

ROM0 bank #0:
	EMPTY: $0000-$00ff ($0100 bytes)
	SECTION: $0100-$073f ($0640 bytes) ["Header"]
	         $0150 = EntryPoint
	         $0150 = WaitVBlank
	         $0193 = ClearOam
	         $01d5 = Main
	         $01dd = WaitVBlank2
	         $01fb = BounceOnTop
	         $0219 = BounceOnRight
	         $0237 = BounceOnLeft
	         $0255 = BounceOnBottom
	         $0273 = BounceDone
	         $0296 = PaddleBounceDone
	         $0299 = CheckLeft
	         $02a1 = Left
	         $02b0 = CheckRight
	         $02b8 = Right
	         $02c7 = GetTileByPixel
	         $02e0 = IsWallTile
	         $02f5 = CheckAndHandleBrick
	         $02ff = CheckAndHandleBrickRight
	         $0308 = Input
	         $0328 = Input.onenibble
	         $0335 = Input.knownret
	         $0336 = Memcopy
	         $0340 = Tiles
	         $04e0 = TilesEnd
	         $04e0 = Tilemap
	         $0720 = TilemapEnd
	         $0720 = Paddle
	         $0730 = PaddleEnd
	         $0730 = Ball
	         $0740 = BallEnd
	EMPTY: $0740-$3fff ($38c0 bytes)
	TOTAL EMPTY: $39c0 bytes

WRAM0 bank #0:
	SECTION: $c000-$c001 ($0002 bytes) ["Ball Data"]
	         $c000 = wBallMomentumX
	         $c001 = wBallMomentumY
	SECTION: $c002-$c003 ($0002 bytes) ["Input Variables"]
	         $c002 = wCurKeys
	         $c003 = wNewKeys
	SECTION: $c004-$c004 ($0001 byte) ["Counter"]
	         $c004 = wFrameCounter
	EMPTY: $c005-$cfff ($0ffb bytes)
	TOTAL EMPTY: $0ffb bytes
